******************************************************************************
                  MSP430 Linker PC v4.3.3                      
******************************************************************************
>> Linked Tue Apr 26 04:24:04 2016

OUTPUT FILE NAME:   <MSP430F2274_Final.out>
ENTRY POINT SYMBOL: "_c_int00"  address: 000082c6


MEMORY CONFIGURATION

         name            origin    length      used     unused   attr    fill
----------------------  --------  ---------  --------  --------  ----  --------
  SFR                   00000000   00000010  00000000  00000010  RWIX
  PERIPHERALS_8BIT      00000010   000000f0  00000000  000000f0  RWIX
  PERIPHERALS_16BIT     00000100   00000100  00000000  00000100  RWIX
  RAM                   00000200   00000400  00000068  00000398  RWIX
  INFOD                 00001000   00000040  00000000  00000040  RWIX
  INFOC                 00001040   00000040  00000000  00000040  RWIX
  INFOB                 00001080   00000040  00000000  00000040  RWIX
  INFOA                 000010c0   00000040  00000000  00000040  RWIX
  FLASH                 00008000   00007fde  000003ee  00007bf0  RWIX
  INT00                 0000ffe0   00000002  00000000  00000002  RWIX
  INT01                 0000ffe2   00000002  00000000  00000002  RWIX
  INT02                 0000ffe4   00000002  00000002  00000000  RWIX
  INT03                 0000ffe6   00000002  00000002  00000000  RWIX
  INT04                 0000ffe8   00000002  00000000  00000002  RWIX
  INT05                 0000ffea   00000002  00000002  00000000  RWIX
  INT06                 0000ffec   00000002  00000002  00000000  RWIX
  INT07                 0000ffee   00000002  00000002  00000000  RWIX
  INT08                 0000fff0   00000002  00000002  00000000  RWIX
  INT09                 0000fff2   00000002  00000002  00000000  RWIX
  INT10                 0000fff4   00000002  00000002  00000000  RWIX
  INT11                 0000fff6   00000002  00000000  00000002  RWIX
  INT12                 0000fff8   00000002  00000002  00000000  RWIX
  INT13                 0000fffa   00000002  00000002  00000000  RWIX
  INT14                 0000fffc   00000002  00000002  00000000  RWIX
  RESET                 0000fffe   00000002  00000002  00000000  RWIX


SECTION ALLOCATION MAP

 output                                  attributes/
section   page    origin      length       input sections
--------  ----  ----------  ----------   ----------------
.init_array 
*          0    00008000    00000000     UNINITIALIZED

.bss       0    00000200    0000000c     UNINITIALIZED
                  00000200    0000000c     (.common:allData$1)

.TI.noinit 
*          0    00000200    00000000     UNINITIALIZED

.data      0    0000020c    0000000c     UNINITIALIZED
                  0000020c    00000006     timer.obj (.data)
                  00000212    00000003     dpp3438.obj (.data)
                  00000215    00000001     --HOLE--
                  00000216    00000002     main.obj (.data)

.TI.persistent 
*          0    0000020c    00000000     UNINITIALIZED

.stack     0    000005b0    00000050     UNINITIALIZED
                  000005b0    00000002     rts430_eabi.lib : boot.obj (.stack)
                  000005b2    0000004e     --HOLE--

.text      0    00008000    000003d2     
                  00008000    0000007a     I2C_polled.obj (.text:i2c_sendPolledData)
                  0000807a    00000070     main.obj (.text:main)
                  000080ea    0000005e     rts430_eabi.lib : copy_decompress_rle.obj (.text:__TI_decompress_rle_core)
                  00008148    0000005e                     : autoinit.obj (.text:_auto_init)
                  000081a6    0000003c     dpp3438.obj (.text:dpp_writePolledCommand)
                  000081e2    0000003a     button.obj (.text:button_checkPowerKey)
                  0000821c    00000034     dpp3438.obj (.text:dpp_dispCurtain)
                  00008250    0000002c     timer.obj (.text:timer_waitMilli)
                  0000827c    00000028     util.obj (.text:util_initClock)
                  000082a4    00000022     I2C_polled.obj (.text:i2c_masterInit)
                  000082c6    0000001a     rts430_eabi.lib : boot.obj (.text:_c_int00_noexit)
                  000082e0    00000018     timer.obj (.text:timer_waitMicro)
                  000082f8    00000016     timer.obj (.text:TIMERA0_ISR)
                  0000830e    00000016     dpp3438.obj (.text:dpp_init)
                  00008324    00000016     dpp3438.obj (.text:dpp_sourceSelect)
                  0000833a    00000016     timer.obj (.text:timer_initA0)
                  00008350    00000014     rts430_eabi.lib : copy_zero_init.obj (.text:decompress:ZI:__TI_zero_init)
                  00008364    00000014     dpp3438.obj (.text:dpp_turnOn)
                  00008378    00000012     rts430_eabi.lib : copy_decompress_none.obj (.text:decompress:none:__TI_decompress_none)
                  0000838a    00000012                     : memcpy.obj (.text:memcpy)
                  0000839c    00000010                     : epilog.obj (.text)
                  000083ac    0000000c     button.obj (.text:button_initPorts)
                  000083b8    00000006     rts430_eabi.lib : isr_trap.obj (.text:__TI_ISR_TRAP)
                  000083be    00000006                     : copy_decompress_rle.obj (.text:decompress:rle24:__TI_decompress_rle24)
                  000083c4    00000006     dpp3438.obj (.text:dpp_turnOff)
                  000083ca    00000004     rts430_eabi.lib : pre_init.obj (.text:_system_pre_init)
                  000083ce    00000004                     : exit.obj (.text:abort)

.cinit     0    000083d2    0000001c     
                  000083d2    00000009     (.cinit..data.load) [load image, compression = rle]
                  000083db    00000001     --HOLE-- [fill = 0]
                  000083dc    00000006     (__TI_handler_table)
                  000083e2    00000004     (.cinit..bss.load) [load image, compression = zero_init]
                  000083e6    00000008     (__TI_cinit_table)

PORT1      0    0000ffe4    00000002     
                  0000ffe4    00000002     rts430_eabi.lib : int02.obj (.int02)

PORT2      0    0000ffe6    00000002     
                  0000ffe6    00000002     rts430_eabi.lib : int03.obj (.int03)

ADC10      0    0000ffea    00000002     
                  0000ffea    00000002     rts430_eabi.lib : int05.obj (.int05)

USCIAB0TX 
*          0    0000ffec    00000002     
                  0000ffec    00000002     rts430_eabi.lib : int06.obj (.int06)

USCIAB0RX 
*          0    0000ffee    00000002     
                  0000ffee    00000002     rts430_eabi.lib : int07.obj (.int07)

TIMERA1    0    0000fff0    00000002     
                  0000fff0    00000002     rts430_eabi.lib : int08.obj (.int08)

TIMERA0    0    0000fff2    00000002     
                  0000fff2    00000002     timer.obj (.int09)

WDT        0    0000fff4    00000002     
                  0000fff4    00000002     rts430_eabi.lib : int10.obj (.int10)

TIMERB1    0    0000fff8    00000002     
                  0000fff8    00000002     rts430_eabi.lib : int12.obj (.int12)

TIMERB0    0    0000fffa    00000002     
                  0000fffa    00000002     rts430_eabi.lib : int13.obj (.int13)

NMI        0    0000fffc    00000002     
                  0000fffc    00000002     rts430_eabi.lib : int14.obj (.int14)

.reset     0    0000fffe    00000002     
                  0000fffe    00000002     rts430_eabi.lib : boot.obj (.reset)


LINKER GENERATED COPY TABLES

__TI_cinit_table @ 000083e6 records: 2, size/record: 4, table size: 8
	.data: load addr=000083d2, load size=00000009 bytes, run addr=0000020c, run size=0000000c bytes, compression=rle
	.bss: load addr=000083e2, load size=00000004 bytes, run addr=00000200, run size=0000000c bytes, compression=zero_init


LINKER GENERATED HANDLER TABLE

__TI_handler_table @ 000083dc records: 3, size/record: 2, table size: 6
	index: 0, handler: __TI_zero_init
	index: 1, handler: __TI_decompress_rle24
	index: 2, handler: __TI_decompress_none


GLOBAL SYMBOLS: SORTED ALPHABETICALLY BY Name 

address    name
--------   ----
0000004a   ADC10AE0
0000004b   ADC10AE1
000001b0   ADC10CTL0
000001b2   ADC10CTL1
00000048   ADC10DTC0
00000049   ADC10DTC1
000001b4   ADC10MEM
000001bc   ADC10SA
00000057   BCSCTL1
00000058   BCSCTL2
00000053   BCSCTL3
000083ce   C$$EXIT
000010fb   CALBC1_12MHZ
000010f9   CALBC1_16MHZ
000010ff   CALBC1_1MHZ
000010fd   CALBC1_8MHZ
000010fa   CALDCO_12MHZ
000010f8   CALDCO_16MHZ
000010fe   CALDCO_1MHZ
000010fc   CALDCO_8MHZ
00000056   DCOCTL
00000128   FCTL1
0000012a   FCTL2
0000012c   FCTL3
00000000   IE1
00000001   IE2
00000002   IFG1
00000003   IFG2
000000c0   OA0CTL0
000000c1   OA0CTL1
000000c2   OA1CTL0
000000c3   OA1CTL1
00000022   P1DIR
00000025   P1IE
00000024   P1IES
00000023   P1IFG
00000020   P1IN
00000021   P1OUT
00000027   P1REN
00000026   P1SEL
0000002a   P2DIR
0000002d   P2IE
0000002c   P2IES
0000002b   P2IFG
00000028   P2IN
00000029   P2OUT
0000002f   P2REN
0000002e   P2SEL
0000001a   P3DIR
00000018   P3IN
00000019   P3OUT
00000010   P3REN
0000001b   P3SEL
0000001e   P4DIR
0000001c   P4IN
0000001d   P4OUT
00000011   P4REN
0000001f   P4SEL
00000172   TACCR0
00000174   TACCR1
00000176   TACCR2
00000162   TACCTL0
00000164   TACCTL1
00000166   TACCTL2
00000160   TACTL
0000012e   TAIV
00000170   TAR
00000192   TBCCR0
00000194   TBCCR1
00000196   TBCCR2
00000182   TBCCTL0
00000184   TBCCTL1
00000186   TBCCTL2
00000180   TBCTL
0000011e   TBIV
00000190   TBR
000082f8   TIMERA0_ISR
0000005d   UCA0ABCTL
00000062   UCA0BR0
00000063   UCA0BR1
00000060   UCA0CTL0
00000061   UCA0CTL1
0000005f   UCA0IRRCTL
0000005e   UCA0IRTCTL
00000064   UCA0MCTL
00000066   UCA0RXBUF
00000065   UCA0STAT
00000067   UCA0TXBUF
0000006a   UCB0BR0
0000006b   UCB0BR1
00000068   UCB0CTL0
00000069   UCB0CTL1
0000006c   UCB0I2CIE
00000118   UCB0I2COA
0000011a   UCB0I2CSA
0000006e   UCB0RXBUF
0000006d   UCB0STAT
0000006f   UCB0TXBUF
00000120   WDTCTL
00000600   __STACK_END
00000050   __STACK_SIZE
000083e6   __TI_CINIT_Base
000083ee   __TI_CINIT_Limit
000083dc   __TI_Handler_Table_Base
000083e2   __TI_Handler_Table_Limit
UNDEFED    __TI_INITARRAY_Base
UNDEFED    __TI_INITARRAY_Limit
000083b8   __TI_ISR_TRAP
00000001   __TI_args_main
00008378   __TI_decompress_none
000083be   __TI_decompress_rle24
00000001   __TI_exit
0000ffe4   __TI_int02
0000ffe6   __TI_int03
0000ffea   __TI_int05
0000ffec   __TI_int06
0000ffee   __TI_int07
0000fff0   __TI_int08
0000fff2   __TI_int09
0000fff4   __TI_int10
0000fff8   __TI_int12
0000fffa   __TI_int13
0000fffc   __TI_int14
00008350   __TI_zero_init
ffffffff   __binit__
ffffffff   __c_args__
000083a8   __mspabi_func_epilog_1
000083a6   __mspabi_func_epilog_2
000083a4   __mspabi_func_epilog_3
000083a2   __mspabi_func_epilog_4
000083a0   __mspabi_func_epilog_5
0000839e   __mspabi_func_epilog_6
0000839c   __mspabi_func_epilog_7
00008148   _auto_init
000082c6   _c_int00
000082c6   _c_int00_noexit
0000fffe   _reset_vector
000005b0   _stack
000083ca   _system_pre_init
000083ce   abort
ffffffff   binit
000081e2   button_checkPowerKey
000083ac   button_initPorts
0000821c   dpp_dispCurtain
0000830e   dpp_init
00008324   dpp_sourceSelect
000083c4   dpp_turnOff
00008364   dpp_turnOn
000081a6   dpp_writePolledCommand
000082a4   i2c_masterInit
00008000   i2c_sendPolledData
0000807a   main
0000838a   memcpy
0000020c   ms_tick_count
00000216   power_state
00000210   timerA_overflows
0000833a   timer_initA0
000082e0   timer_waitMicro
00008250   timer_waitMilli
0000827c   util_initClock


GLOBAL SYMBOLS: SORTED BY Symbol Address 

address    name
--------   ----
00000000   IE1
00000001   IE2
00000001   __TI_args_main
00000001   __TI_exit
00000002   IFG1
00000003   IFG2
00000010   P3REN
00000011   P4REN
00000018   P3IN
00000019   P3OUT
0000001a   P3DIR
0000001b   P3SEL
0000001c   P4IN
0000001d   P4OUT
0000001e   P4DIR
0000001f   P4SEL
00000020   P1IN
00000021   P1OUT
00000022   P1DIR
00000023   P1IFG
00000024   P1IES
00000025   P1IE
00000026   P1SEL
00000027   P1REN
00000028   P2IN
00000029   P2OUT
0000002a   P2DIR
0000002b   P2IFG
0000002c   P2IES
0000002d   P2IE
0000002e   P2SEL
0000002f   P2REN
00000048   ADC10DTC0
00000049   ADC10DTC1
0000004a   ADC10AE0
0000004b   ADC10AE1
00000050   __STACK_SIZE
00000053   BCSCTL3
00000056   DCOCTL
00000057   BCSCTL1
00000058   BCSCTL2
0000005d   UCA0ABCTL
0000005e   UCA0IRTCTL
0000005f   UCA0IRRCTL
00000060   UCA0CTL0
00000061   UCA0CTL1
00000062   UCA0BR0
00000063   UCA0BR1
00000064   UCA0MCTL
00000065   UCA0STAT
00000066   UCA0RXBUF
00000067   UCA0TXBUF
00000068   UCB0CTL0
00000069   UCB0CTL1
0000006a   UCB0BR0
0000006b   UCB0BR1
0000006c   UCB0I2CIE
0000006d   UCB0STAT
0000006e   UCB0RXBUF
0000006f   UCB0TXBUF
000000c0   OA0CTL0
000000c1   OA0CTL1
000000c2   OA1CTL0
000000c3   OA1CTL1
00000118   UCB0I2COA
0000011a   UCB0I2CSA
0000011e   TBIV
00000120   WDTCTL
00000128   FCTL1
0000012a   FCTL2
0000012c   FCTL3
0000012e   TAIV
00000160   TACTL
00000162   TACCTL0
00000164   TACCTL1
00000166   TACCTL2
00000170   TAR
00000172   TACCR0
00000174   TACCR1
00000176   TACCR2
00000180   TBCTL
00000182   TBCCTL0
00000184   TBCCTL1
00000186   TBCCTL2
00000190   TBR
00000192   TBCCR0
00000194   TBCCR1
00000196   TBCCR2
000001b0   ADC10CTL0
000001b2   ADC10CTL1
000001b4   ADC10MEM
000001bc   ADC10SA
0000020c   ms_tick_count
00000210   timerA_overflows
00000216   power_state
000005b0   _stack
00000600   __STACK_END
000010f8   CALDCO_16MHZ
000010f9   CALBC1_16MHZ
000010fa   CALDCO_12MHZ
000010fb   CALBC1_12MHZ
000010fc   CALDCO_8MHZ
000010fd   CALBC1_8MHZ
000010fe   CALDCO_1MHZ
000010ff   CALBC1_1MHZ
00008000   i2c_sendPolledData
0000807a   main
00008148   _auto_init
000081a6   dpp_writePolledCommand
000081e2   button_checkPowerKey
0000821c   dpp_dispCurtain
00008250   timer_waitMilli
0000827c   util_initClock
000082a4   i2c_masterInit
000082c6   _c_int00
000082c6   _c_int00_noexit
000082e0   timer_waitMicro
000082f8   TIMERA0_ISR
0000830e   dpp_init
00008324   dpp_sourceSelect
0000833a   timer_initA0
00008350   __TI_zero_init
00008364   dpp_turnOn
00008378   __TI_decompress_none
0000838a   memcpy
0000839c   __mspabi_func_epilog_7
0000839e   __mspabi_func_epilog_6
000083a0   __mspabi_func_epilog_5
000083a2   __mspabi_func_epilog_4
000083a4   __mspabi_func_epilog_3
000083a6   __mspabi_func_epilog_2
000083a8   __mspabi_func_epilog_1
000083ac   button_initPorts
000083b8   __TI_ISR_TRAP
000083be   __TI_decompress_rle24
000083c4   dpp_turnOff
000083ca   _system_pre_init
000083ce   C$$EXIT
000083ce   abort
000083dc   __TI_Handler_Table_Base
000083e2   __TI_Handler_Table_Limit
000083e6   __TI_CINIT_Base
000083ee   __TI_CINIT_Limit
0000ffe4   __TI_int02
0000ffe6   __TI_int03
0000ffea   __TI_int05
0000ffec   __TI_int06
0000ffee   __TI_int07
0000fff0   __TI_int08
0000fff2   __TI_int09
0000fff4   __TI_int10
0000fff8   __TI_int12
0000fffa   __TI_int13
0000fffc   __TI_int14
0000fffe   _reset_vector
ffffffff   __binit__
ffffffff   __c_args__
ffffffff   binit
UNDEFED    __TI_INITARRAY_Base
UNDEFED    __TI_INITARRAY_Limit

[160 symbols]
